// Jest Snapshot v1, https://goo.gl/fbAQLP

exports[`Card renders 1`] = `
<div
  className="card-image-container"
>
  <img
    alt=""
    className="card-image"
  />
</div>
`;
