// Jest Snapshot v1, https://goo.gl/fbAQLP

exports[`App renders 1`] = `
<div
  className="star-wars-top-trumps"
>
  
</div>
`;
